git : error: open(".vs/MarketPriceAPI/FileContentIndex/003da7a5-c09f-4670-9373-f7c65a8feac3.vsidx"): Permission denied
At line:1 char:1
+ git add . 2> errors.txt
+ ~~~~~~~~~~~~~~~~~~~~~~~
    + CategoryInfo          : NotSpecified: (error: open(".v...rmission denied:String) [], RemoteException
    + FullyQualifiedErrorId : NativeCommandError
 
error: unable to index file '.vs/MarketPriceAPI/FileContentIndex/003da7a5-c09f-4670-9373-f7c65a8feac3.vsidx'
fatal: adding files failed
